// Jest Snapshot v1, https://goo.gl/fbAQLP

exports[`Loading should render correctly with no props 1`] = `
<section
  className="loading"
>
  <svg
    version="1.1"
    xmlns="http://www.w3.org/2000/svg"
  >
    <defs>
      <filter
        id="gooey"
      >
        <feGaussianBlur
          in="SourceGraphic"
          result="blur"
          stdDeviation="10"
        />
        <feColorMatrix
          in="blur"
          mode="matrix"
          result="goo"
          values="1 0 0 0 0  0 1 0 0 0  0 0 1 0 0  0 0 0 18 -7"
        />
        <feBlend
          in="SourceGraphic"
          in2="goo"
        />
      </filter>
    </defs>
  </svg>
  <div
    className="blob blob-0"
  />
  <div
    className="blob blob-1"
  />
  <div
    className="blob blob-2"
  />
  <div
    className="blob blob-3"
  />
  <div
    className="blob blob-4"
  />
  <div
    className="blob blob-5"
  />
</section>
`;
